%!Adobe-FontList 1.19
%Locale:0x80a

%BeginFont
Handler:DirectoryHandler
FontType:Invalid
OutlineFileName:C:\wamp64\www\bienestarmetso\Font\stylesheet.css
FileModTime:1590779896
%EndFont

%BeginFont
Handler:DirectoryHandler
FontType:Invalid
OutlineFileName:C:\wamp64\www\bienestarmetso\Font\TitilliumWeb-Black.woff
FileModTime:1590779895
%EndFont

%BeginFont
Handler:DirectoryHandler
FontType:Invalid
OutlineFileName:C:\wamp64\www\bienestarmetso\Font\TitilliumWeb-Black.woff2
FileModTime:1590779896
%EndFont

%BeginFont
Handler:DirectoryHandler
FontType:Invalid
OutlineFileName:C:\wamp64\www\bienestarmetso\Font\TitilliumWeb-Bold.woff
FileModTime:1590779896
%EndFont

%BeginFont
Handler:DirectoryHandler
FontType:Invalid
OutlineFileName:C:\wamp64\www\bienestarmetso\Font\TitilliumWeb-Bold.woff2
FileModTime:1590779896
%EndFont

%BeginFont
Handler:DirectoryHandler
FontType:Invalid
OutlineFileName:C:\wamp64\www\bienestarmetso\Font\TitilliumWeb-BoldItalic.woff
FileModTime:1590779892
%EndFont

%BeginFont
Handler:DirectoryHandler
FontType:Invalid
OutlineFileName:C:\wamp64\www\bienestarmetso\Font\TitilliumWeb-BoldItalic.woff2
FileModTime:1590779892
%EndFont

%BeginFont
Handler:DirectoryHandler
FontType:Invalid
OutlineFileName:C:\wamp64\www\bienestarmetso\Font\TitilliumWeb-Italic.woff
FileModTime:1590779894
%EndFont

%BeginFont
Handler:DirectoryHandler
FontType:Invalid
OutlineFileName:C:\wamp64\www\bienestarmetso\Font\TitilliumWeb-Italic.woff2
FileModTime:1590779894
%EndFont

%BeginFont
Handler:DirectoryHandler
FontType:Invalid
OutlineFileName:C:\wamp64\www\bienestarmetso\Font\TitilliumWeb-Light.woff
FileModTime:1590779893
%EndFont

%BeginFont
Handler:DirectoryHandler
FontType:Invalid
OutlineFileName:C:\wamp64\www\bienestarmetso\Font\TitilliumWeb-Light.woff2
FileModTime:1590779893
%EndFont

%BeginFont
Handler:DirectoryHandler
FontType:Invalid
OutlineFileName:C:\wamp64\www\bienestarmetso\Font\TitilliumWeb-LightItalic.woff
FileModTime:1590779895
%EndFont

%BeginFont
Handler:DirectoryHandler
FontType:Invalid
OutlineFileName:C:\wamp64\www\bienestarmetso\Font\TitilliumWeb-LightItalic.woff2
FileModTime:1590779895
%EndFont

%BeginFont
Handler:DirectoryHandler
FontType:Invalid
OutlineFileName:C:\wamp64\www\bienestarmetso\Font\TitilliumWeb-Regular.woff
FileModTime:1590779893
%EndFont

%BeginFont
Handler:DirectoryHandler
FontType:Invalid
OutlineFileName:C:\wamp64\www\bienestarmetso\Font\TitilliumWeb-Regular.woff2
FileModTime:1590779893
%EndFont

%BeginFont
Handler:DirectoryHandler
FontType:Invalid
OutlineFileName:C:\wamp64\www\bienestarmetso\Font\TitilliumWeb-SemiBold.woff
FileModTime:1590779893
%EndFont

%BeginFont
Handler:DirectoryHandler
FontType:Invalid
OutlineFileName:C:\wamp64\www\bienestarmetso\Font\TitilliumWeb-SemiBold.woff2
FileModTime:1590779893
%EndFont

%BeginFont
Handler:DirectoryHandler
FontType:Invalid
OutlineFileName:C:\wamp64\www\bienestarmetso\Font\TitilliumWeb-SemiBoldItalic.woff
FileModTime:1590779894
%EndFont

%BeginFont
Handler:DirectoryHandler
FontType:Invalid
OutlineFileName:C:\wamp64\www\bienestarmetso\Font\TitilliumWeb-SemiBoldItalic.woff2
FileModTime:1590779894
%EndFont

%BeginFont
Handler:DirectoryHandler
FontType:Invalid
OutlineFileName:C:\wamp64\www\bienestarmetso\Font\TitilliumWeb-Thin.woff
FileModTime:1590779894
%EndFont

%BeginFont
Handler:DirectoryHandler
FontType:Invalid
OutlineFileName:C:\wamp64\www\bienestarmetso\Font\TitilliumWeb-Thin.woff2
FileModTime:1590779895
%EndFont

%BeginFont
Handler:DirectoryHandler
FontType:Invalid
OutlineFileName:C:\wamp64\www\bienestarmetso\Font\TitilliumWeb-ThinItalic.woff
FileModTime:1590779895
%EndFont

%BeginFont
Handler:DirectoryHandler
FontType:Invalid
OutlineFileName:C:\wamp64\www\bienestarmetso\Font\TitilliumWeb-ThinItalic.woff2
FileModTime:1590779895
%EndFont

